nohup: ignoring input
/home/ed21b059/ddp/value_function/state_action_rules.py:298: FutureWarning: You are using `torch.load` with `weights_only=False` (the current default value), which uses the default pickle module implicitly. It is possible to construct malicious pickle data which will execute arbitrary code during unpickling (See https://github.com/pytorch/pytorch/blob/main/SECURITY.md#untrusted-models for more details). In a future release, the default value for `weights_only` will be flipped to `True`. This limits the functions that could be executed during unpickling. Arbitrary objects will no longer be allowed to be loaded via this mode unless they are explicitly allowlisted by the user via `torch.serialization.add_safe_globals`. We recommend you start setting `weights_only=True` for any use case where you don't have full control of the loaded file. Please open an issue on GitHub for any issues related to this experimental feature.
  ckpt = torch.load(Q_NETWORK_PATH, map_location=DEVICE)
2026-04-16 16:15:25.793110: E external/local_xla/xla/stream_executor/cuda/cuda_dnn.cc:9261] Unable to register cuDNN factory: Attempting to register factory for plugin cuDNN when one has already been registered
2026-04-16 16:15:25.793203: E external/local_xla/xla/stream_executor/cuda/cuda_fft.cc:607] Unable to register cuFFT factory: Attempting to register factory for plugin cuFFT when one has already been registered
2026-04-16 16:15:25.794674: E external/local_xla/xla/stream_executor/cuda/cuda_blas.cc:1515] Unable to register cuBLAS factory: Attempting to register factory for plugin cuBLAS when one has already been registered
2026-04-16 16:15:25.802189: I tensorflow/core/platform/cpu_feature_guard.cc:182] This TensorFlow binary is optimized to use available CPU instructions in performance-critical operations.
To enable the following instructions: AVX2 FMA, in other operations, rebuild TensorFlow with the appropriate compiler flags.
2026-04-16 16:15:26.796020: W tensorflow/compiler/tf2tensorrt/utils/py_utils.cc:38] TF-TRT Warning: Could not find TensorRT
2026-04-16 16:15:27.558295: I external/local_xla/xla/stream_executor/cuda/cuda_executor.cc:901] successful NUMA node read from SysFS had negative value (-1), but there must be at least one NUMA node, so returning NUMA node zero. See more at https://github.com/torvalds/linux/blob/v6.0/Documentation/ABI/testing/sysfs-bus-pci#L344-L355
2026-04-16 16:15:27.559291: I external/local_xla/xla/stream_executor/cuda/cuda_executor.cc:901] successful NUMA node read from SysFS had negative value (-1), but there must be at least one NUMA node, so returning NUMA node zero. See more at https://github.com/torvalds/linux/blob/v6.0/Documentation/ABI/testing/sysfs-bus-pci#L344-L355
2026-04-16 16:15:27.560414: I external/local_xla/xla/stream_executor/cuda/cuda_executor.cc:901] successful NUMA node read from SysFS had negative value (-1), but there must be at least one NUMA node, so returning NUMA node zero. See more at https://github.com/torvalds/linux/blob/v6.0/Documentation/ABI/testing/sysfs-bus-pci#L344-L355
2026-04-16 16:15:27.561527: I external/local_xla/xla/stream_executor/cuda/cuda_executor.cc:901] successful NUMA node read from SysFS had negative value (-1), but there must be at least one NUMA node, so returning NUMA node zero. See more at https://github.com/torvalds/linux/blob/v6.0/Documentation/ABI/testing/sysfs-bus-pci#L344-L355
2026-04-16 16:15:27.563927: I external/local_xla/xla/stream_executor/cuda/cuda_executor.cc:901] successful NUMA node read from SysFS had negative value (-1), but there must be at least one NUMA node, so returning NUMA node zero. See more at https://github.com/torvalds/linux/blob/v6.0/Documentation/ABI/testing/sysfs-bus-pci#L344-L355
2026-04-16 16:15:27.565148: I external/local_xla/xla/stream_executor/cuda/cuda_executor.cc:901] successful NUMA node read from SysFS had negative value (-1), but there must be at least one NUMA node, so returning NUMA node zero. See more at https://github.com/torvalds/linux/blob/v6.0/Documentation/ABI/testing/sysfs-bus-pci#L344-L355
2026-04-16 16:15:27.566189: I external/local_xla/xla/stream_executor/cuda/cuda_executor.cc:901] successful NUMA node read from SysFS had negative value (-1), but there must be at least one NUMA node, so returning NUMA node zero. See more at https://github.com/torvalds/linux/blob/v6.0/Documentation/ABI/testing/sysfs-bus-pci#L344-L355
2026-04-16 16:15:27.567329: I external/local_xla/xla/stream_executor/cuda/cuda_executor.cc:901] successful NUMA node read from SysFS had negative value (-1), but there must be at least one NUMA node, so returning NUMA node zero. See more at https://github.com/torvalds/linux/blob/v6.0/Documentation/ABI/testing/sysfs-bus-pci#L344-L355
2026-04-16 16:15:27.568165: I external/local_xla/xla/stream_executor/cuda/cuda_executor.cc:901] successful NUMA node read from SysFS had negative value (-1), but there must be at least one NUMA node, so returning NUMA node zero. See more at https://github.com/torvalds/linux/blob/v6.0/Documentation/ABI/testing/sysfs-bus-pci#L344-L355
2026-04-16 16:15:27.569531: I external/local_xla/xla/stream_executor/cuda/cuda_executor.cc:901] successful NUMA node read from SysFS had negative value (-1), but there must be at least one NUMA node, so returning NUMA node zero. See more at https://github.com/torvalds/linux/blob/v6.0/Documentation/ABI/testing/sysfs-bus-pci#L344-L355
2026-04-16 16:15:27.570527: I external/local_xla/xla/stream_executor/cuda/cuda_executor.cc:901] successful NUMA node read from SysFS had negative value (-1), but there must be at least one NUMA node, so returning NUMA node zero. See more at https://github.com/torvalds/linux/blob/v6.0/Documentation/ABI/testing/sysfs-bus-pci#L344-L355
2026-04-16 16:15:27.571551: I external/local_xla/xla/stream_executor/cuda/cuda_executor.cc:901] successful NUMA node read from SysFS had negative value (-1), but there must be at least one NUMA node, so returning NUMA node zero. See more at https://github.com/torvalds/linux/blob/v6.0/Documentation/ABI/testing/sysfs-bus-pci#L344-L355
2026-04-16 16:15:28.989240: I external/local_xla/xla/stream_executor/cuda/cuda_executor.cc:901] successful NUMA node read from SysFS had negative value (-1), but there must be at least one NUMA node, so returning NUMA node zero. See more at https://github.com/torvalds/linux/blob/v6.0/Documentation/ABI/testing/sysfs-bus-pci#L344-L355
2026-04-16 16:15:28.990793: I external/local_xla/xla/stream_executor/cuda/cuda_executor.cc:901] successful NUMA node read from SysFS had negative value (-1), but there must be at least one NUMA node, so returning NUMA node zero. See more at https://github.com/torvalds/linux/blob/v6.0/Documentation/ABI/testing/sysfs-bus-pci#L344-L355
2026-04-16 16:15:28.992192: I external/local_xla/xla/stream_executor/cuda/cuda_executor.cc:901] successful NUMA node read from SysFS had negative value (-1), but there must be at least one NUMA node, so returning NUMA node zero. See more at https://github.com/torvalds/linux/blob/v6.0/Documentation/ABI/testing/sysfs-bus-pci#L344-L355
2026-04-16 16:15:28.995071: I external/local_xla/xla/stream_executor/cuda/cuda_executor.cc:901] successful NUMA node read from SysFS had negative value (-1), but there must be at least one NUMA node, so returning NUMA node zero. See more at https://github.com/torvalds/linux/blob/v6.0/Documentation/ABI/testing/sysfs-bus-pci#L344-L355
2026-04-16 16:15:28.995980: I external/local_xla/xla/stream_executor/cuda/cuda_executor.cc:901] successful NUMA node read from SysFS had negative value (-1), but there must be at least one NUMA node, so returning NUMA node zero. See more at https://github.com/torvalds/linux/blob/v6.0/Documentation/ABI/testing/sysfs-bus-pci#L344-L355
2026-04-16 16:15:28.998662: I external/local_xla/xla/stream_executor/cuda/cuda_executor.cc:901] successful NUMA node read from SysFS had negative value (-1), but there must be at least one NUMA node, so returning NUMA node zero. See more at https://github.com/torvalds/linux/blob/v6.0/Documentation/ABI/testing/sysfs-bus-pci#L344-L355
2026-04-16 16:15:29.000140: I external/local_xla/xla/stream_executor/cuda/cuda_executor.cc:901] successful NUMA node read from SysFS had negative value (-1), but there must be at least one NUMA node, so returning NUMA node zero. See more at https://github.com/torvalds/linux/blob/v6.0/Documentation/ABI/testing/sysfs-bus-pci#L344-L355
2026-04-16 16:15:29.001239: I external/local_xla/xla/stream_executor/cuda/cuda_executor.cc:901] successful NUMA node read from SysFS had negative value (-1), but there must be at least one NUMA node, so returning NUMA node zero. See more at https://github.com/torvalds/linux/blob/v6.0/Documentation/ABI/testing/sysfs-bus-pci#L344-L355
2026-04-16 16:15:29.002089: I external/local_xla/xla/stream_executor/cuda/cuda_executor.cc:901] successful NUMA node read from SysFS had negative value (-1), but there must be at least one NUMA node, so returning NUMA node zero. See more at https://github.com/torvalds/linux/blob/v6.0/Documentation/ABI/testing/sysfs-bus-pci#L344-L355
2026-04-16 16:15:29.002912: I external/local_xla/xla/stream_executor/cuda/cuda_executor.cc:901] successful NUMA node read from SysFS had negative value (-1), but there must be at least one NUMA node, so returning NUMA node zero. See more at https://github.com/torvalds/linux/blob/v6.0/Documentation/ABI/testing/sysfs-bus-pci#L344-L355
2026-04-16 16:15:29.003717: I external/local_xla/xla/stream_executor/cuda/cuda_executor.cc:901] successful NUMA node read from SysFS had negative value (-1), but there must be at least one NUMA node, so returning NUMA node zero. See more at https://github.com/torvalds/linux/blob/v6.0/Documentation/ABI/testing/sysfs-bus-pci#L344-L355
2026-04-16 16:15:29.004707: I external/local_xla/xla/stream_executor/cuda/cuda_executor.cc:901] successful NUMA node read from SysFS had negative value (-1), but there must be at least one NUMA node, so returning NUMA node zero. See more at https://github.com/torvalds/linux/blob/v6.0/Documentation/ABI/testing/sysfs-bus-pci#L344-L355
2026-04-16 16:15:29.075685: I external/local_xla/xla/stream_executor/cuda/cuda_executor.cc:901] successful NUMA node read from SysFS had negative value (-1), but there must be at least one NUMA node, so returning NUMA node zero. See more at https://github.com/torvalds/linux/blob/v6.0/Documentation/ABI/testing/sysfs-bus-pci#L344-L355
2026-04-16 16:15:29.077134: I external/local_xla/xla/stream_executor/cuda/cuda_executor.cc:901] successful NUMA node read from SysFS had negative value (-1), but there must be at least one NUMA node, so returning NUMA node zero. See more at https://github.com/torvalds/linux/blob/v6.0/Documentation/ABI/testing/sysfs-bus-pci#L344-L355
2026-04-16 16:15:29.078303: I external/local_xla/xla/stream_executor/cuda/cuda_executor.cc:901] successful NUMA node read from SysFS had negative value (-1), but there must be at least one NUMA node, so returning NUMA node zero. See more at https://github.com/torvalds/linux/blob/v6.0/Documentation/ABI/testing/sysfs-bus-pci#L344-L355
2026-04-16 16:15:29.079428: I external/local_xla/xla/stream_executor/cuda/cuda_executor.cc:901] successful NUMA node read from SysFS had negative value (-1), but there must be at least one NUMA node, so returning NUMA node zero. See more at https://github.com/torvalds/linux/blob/v6.0/Documentation/ABI/testing/sysfs-bus-pci#L344-L355
2026-04-16 16:15:29.080459: I external/local_xla/xla/stream_executor/cuda/cuda_executor.cc:901] successful NUMA node read from SysFS had negative value (-1), but there must be at least one NUMA node, so returning NUMA node zero. See more at https://github.com/torvalds/linux/blob/v6.0/Documentation/ABI/testing/sysfs-bus-pci#L344-L355
2026-04-16 16:15:29.081569: I external/local_xla/xla/stream_executor/cuda/cuda_executor.cc:901] successful NUMA node read from SysFS had negative value (-1), but there must be at least one NUMA node, so returning NUMA node zero. See more at https://github.com/torvalds/linux/blob/v6.0/Documentation/ABI/testing/sysfs-bus-pci#L344-L355
2026-04-16 16:15:29.082556: I external/local_xla/xla/stream_executor/cuda/cuda_executor.cc:901] successful NUMA node read from SysFS had negative value (-1), but there must be at least one NUMA node, so returning NUMA node zero. See more at https://github.com/torvalds/linux/blob/v6.0/Documentation/ABI/testing/sysfs-bus-pci#L344-L355
2026-04-16 16:15:29.083429: I external/local_xla/xla/stream_executor/cuda/cuda_executor.cc:901] successful NUMA node read from SysFS had negative value (-1), but there must be at least one NUMA node, so returning NUMA node zero. See more at https://github.com/torvalds/linux/blob/v6.0/Documentation/ABI/testing/sysfs-bus-pci#L344-L355
2026-04-16 16:15:29.084243: I external/local_xla/xla/stream_executor/cuda/cuda_executor.cc:901] successful NUMA node read from SysFS had negative value (-1), but there must be at least one NUMA node, so returning NUMA node zero. See more at https://github.com/torvalds/linux/blob/v6.0/Documentation/ABI/testing/sysfs-bus-pci#L344-L355
2026-04-16 16:15:29.085057: I tensorflow/core/common_runtime/gpu/gpu_device.cc:1929] Created device /job:localhost/replica:0/task:0/device:GPU:0 with 889 MB memory:  -> device: 0, name: NVIDIA A100 80GB PCIe, pci bus id: 0000:01:01.0, compute capability: 8.0
2026-04-16 16:15:29.089298: I external/local_xla/xla/stream_executor/cuda/cuda_executor.cc:901] successful NUMA node read from SysFS had negative value (-1), but there must be at least one NUMA node, so returning NUMA node zero. See more at https://github.com/torvalds/linux/blob/v6.0/Documentation/ABI/testing/sysfs-bus-pci#L344-L355
2026-04-16 16:15:29.090277: I tensorflow/core/common_runtime/gpu/gpu_device.cc:1929] Created device /job:localhost/replica:0/task:0/device:GPU:1 with 16996 MB memory:  -> device: 1, name: NVIDIA A100 80GB PCIe, pci bus id: 0000:01:02.0, compute capability: 8.0
2026-04-16 16:15:29.090642: I external/local_xla/xla/stream_executor/cuda/cuda_executor.cc:901] successful NUMA node read from SysFS had negative value (-1), but there must be at least one NUMA node, so returning NUMA node zero. See more at https://github.com/torvalds/linux/blob/v6.0/Documentation/ABI/testing/sysfs-bus-pci#L344-L355
2026-04-16 16:15:29.091444: I tensorflow/core/common_runtime/gpu/gpu_device.cc:1929] Created device /job:localhost/replica:0/task:0/device:GPU:2 with 36064 MB memory:  -> device: 2, name: NVIDIA A100 80GB PCIe, pci bus id: 0000:01:03.0, compute capability: 8.0
2026-04-16 16:15:29.092659: I external/local_xla/xla/stream_executor/cuda/cuda_executor.cc:901] successful NUMA node read from SysFS had negative value (-1), but there must be at least one NUMA node, so returning NUMA node zero. See more at https://github.com/torvalds/linux/blob/v6.0/Documentation/ABI/testing/sysfs-bus-pci#L344-L355
2026-04-16 16:15:29.093469: I tensorflow/core/common_runtime/gpu/gpu_device.cc:1929] Created device /job:localhost/replica:0/task:0/device:GPU:3 with 10427 MB memory:  -> device: 3, name: NVIDIA A100 80GB PCIe, pci bus id: 0000:01:04.0, compute capability: 8.0
Loading trajectories...
Data file memory-mapped. Accessing 'trajectories' (this may take a minute if pickled tensors are present)...
✅ Loaded 500 trajectories (subset of 2000).
Total states: 499500

Loading scaler from /home/ed21b059/ddp/q_function_models/q_scaler_rollout_only.pkl...
Scaler mean shape: (62,)
Scaler scale shape: (62,)
Inferred action dimension: 2

PointGoal observation-space mapping:
  obs[0]: accelerometer_x
  obs[1]: accelerometer_y
  obs[2]: accelerometer_z
  obs[3]: velocimeter_x
  obs[4]: velocimeter_y
  obs[5]: velocimeter_z
  obs[6]: gyro_x
  obs[7]: gyro_y
  obs[8]: gyro_z
  obs[9]: magnetometer_x
  obs[10]: magnetometer_y
  obs[11]: magnetometer_z
PointGoal action-space mapping:
  action[0]: force_x
  action[1]: velocity_z

Applying PCA feature reduction to states...
Components for 95% variance: 37
Top 15 state feature indices: [4, 5, 6, 7, 8, 12, 13, 15, 16, 32, 35, 47, 51, 55, 58]

Selected features:
  [4] velocimeter_y
  [5] velocimeter_z
  [6] gyro_x
  [7] gyro_y
  [8] gyro_z
  [12] State_12
  [13] State_13
  [15] State_15
  [16] State_16
  [32] State_32
  [35] State_35
  [47] State_47
  [51] State_51
  [55] State_55
  [58] State_58

Reduced state dimension: 15

  Concept features OFF: LIME will use 15 raw features

Loading Q-network...
Loading Q-network from /home/ed21b059/ddp/q_function_models/q_network_rollout_only.pt...

Loading Q-target stats from /home/ed21b059/ddp/q_function_models/y_stats.npz...
Q-target mean: 1.849643 | std: 0.683859
✅ Q-network loaded successfully
Using normalization for 15 state features + 2 action features

Loading policy for action sampling...
✅ Loaded policy pickle successfully
✅ Policy checkpoint loaded. Top-level keys: ['training_state', 'training_info']
[INFO] Detected TensorFlow training checkpoint format
✅ Reconstructed SafeDICE TF actor from 8 tensors
[INFO] Policy sampling will use raw observations (no checkpoint normalizer required)
✅ Policy loaded successfully (SafeDICE TensorFlow backend)

Computing average Q-values across actions for each state...
Using FULL 60-dim states and POLICY-based action sampling

======================================================================
VALUE FUNCTION COMPUTATION
======================================================================
Action sampling method: policy
Number of action samples: 30
Recalculate: True

🔄 Recalculating state values (RECALCULATE_VALUE_FUNCTION=True)...

Using 'policy' sampling method...
✅ Using policy-based sampling (recommended)
Computing V(s) for 499,500 states with 30 sampled actions/state...
  Processed 1000/499500 states...
  Processed 2000/499500 states...
  Processed 3000/499500 states...
  Processed 4000/499500 states...
  Processed 5000/499500 states...
  Processed 6000/499500 states...
  Processed 7000/499500 states...
  Processed 8000/499500 states...
  Processed 9000/499500 states...
  Processed 10000/499500 states...
  Processed 11000/499500 states...
  Processed 12000/499500 states...
  Processed 13000/499500 states...
  Processed 14000/499500 states...
  Processed 15000/499500 states...
  Processed 16000/499500 states...
  Processed 17000/499500 states...
  Processed 18000/499500 states...
  Processed 19000/499500 states...
  Processed 20000/499500 states...
  Processed 21000/499500 states...
  Processed 22000/499500 states...
  Processed 23000/499500 states...
  Processed 24000/499500 states...
  Processed 25000/499500 states...
  Processed 26000/499500 states...
  Processed 27000/499500 states...
  Processed 28000/499500 states...
  Processed 29000/499500 states...
  Processed 30000/499500 states...
  Processed 31000/499500 states...
  Processed 32000/499500 states...
  Processed 33000/499500 states...
  Processed 34000/499500 states...
  Processed 35000/499500 states...
  Processed 36000/499500 states...
  Processed 37000/499500 states...
  Processed 38000/499500 states...
  Processed 39000/499500 states...
  Processed 40000/499500 states...
  Processed 41000/499500 states...
  Processed 42000/499500 states...
  Processed 43000/499500 states...
  Processed 44000/499500 states...
  Processed 45000/499500 states...
  Processed 46000/499500 states...
  Processed 47000/499500 states...
  Processed 48000/499500 states...
  Processed 49000/499500 states...
  Processed 50000/499500 states...
  Processed 51000/499500 states...
  Processed 52000/499500 states...
  Processed 53000/499500 states...
  Processed 54000/499500 states...
  Processed 55000/499500 states...
  Processed 56000/499500 states...
  Processed 57000/499500 states...
  Processed 58000/499500 states...
  Processed 59000/499500 states...
  Processed 60000/499500 states...
  Processed 61000/499500 states...
  Processed 62000/499500 states...
  Processed 63000/499500 states...
  Processed 64000/499500 states...
  Processed 65000/499500 states...
  Processed 66000/499500 states...
  Processed 67000/499500 states...
  Processed 68000/499500 states...
  Processed 69000/499500 states...
  Processed 70000/499500 states...
  Processed 71000/499500 states...
  Processed 72000/499500 states...
  Processed 73000/499500 states...
  Processed 74000/499500 states...
  Processed 75000/499500 states...
  Processed 76000/499500 states...
  Processed 77000/499500 states...
  Processed 78000/499500 states...
  Processed 79000/499500 states...
  Processed 80000/499500 states...
  Processed 81000/499500 states...
  Processed 82000/499500 states...
  Processed 83000/499500 states...
  Processed 84000/499500 states...
  Processed 85000/499500 states...
  Processed 86000/499500 states...
  Processed 87000/499500 states...
  Processed 88000/499500 states...
  Processed 89000/499500 states...
  Processed 90000/499500 states...
  Processed 91000/499500 states...
  Processed 92000/499500 states...
  Processed 93000/499500 states...
  Processed 94000/499500 states...
  Processed 95000/499500 states...
  Processed 96000/499500 states...
  Processed 97000/499500 states...
  Processed 98000/499500 states...
  Processed 99000/499500 states...
  Processed 100000/499500 states...
  Processed 101000/499500 states...
  Processed 102000/499500 states...
  Processed 103000/499500 states...
  Processed 104000/499500 states...
  Processed 105000/499500 states...
  Processed 106000/499500 states...
  Processed 107000/499500 states...
  Processed 108000/499500 states...
  Processed 109000/499500 states...
  Processed 110000/499500 states...
  Processed 111000/499500 states...
  Processed 112000/499500 states...
  Processed 113000/499500 states...
  Processed 114000/499500 states...
  Processed 115000/499500 states...
  Processed 116000/499500 states...
  Processed 117000/499500 states...
  Processed 118000/499500 states...
  Processed 119000/499500 states...
  Processed 120000/499500 states...
  Processed 121000/499500 states...
  Processed 122000/499500 states...
  Processed 123000/499500 states...
  Processed 124000/499500 states...
  Processed 125000/499500 states...
  Processed 126000/499500 states...
  Processed 127000/499500 states...
  Processed 128000/499500 states...
  Processed 129000/499500 states...
  Processed 130000/499500 states...
  Processed 131000/499500 states...
  Processed 132000/499500 states...
  Processed 133000/499500 states...
  Processed 134000/499500 states...
  Processed 135000/499500 states...
  Processed 136000/499500 states...
  Processed 137000/499500 states...
  Processed 138000/499500 states...
  Processed 139000/499500 states...
  Processed 140000/499500 states...
  Processed 141000/499500 states...
  Processed 142000/499500 states...
  Processed 143000/499500 states...
  Processed 144000/499500 states...
  Processed 145000/499500 states...
  Processed 146000/499500 states...
  Processed 147000/499500 states...
  Processed 148000/499500 states...
  Processed 149000/499500 states...
  Processed 150000/499500 states...
  Processed 151000/499500 states...
  Processed 152000/499500 states...
  Processed 153000/499500 states...
  Processed 154000/499500 states...
  Processed 155000/499500 states...
  Processed 156000/499500 states...
  Processed 157000/499500 states...
  Processed 158000/499500 states...
  Processed 159000/499500 states...
  Processed 160000/499500 states...
  Processed 161000/499500 states...
  Processed 162000/499500 states...
  Processed 163000/499500 states...
  Processed 164000/499500 states...
  Processed 165000/499500 states...
  Processed 166000/499500 states...
  Processed 167000/499500 states...
  Processed 168000/499500 states...
  Processed 169000/499500 states...
  Processed 170000/499500 states...
  Processed 171000/499500 states...
  Processed 172000/499500 states...
  Processed 173000/499500 states...
  Processed 174000/499500 states...
  Processed 175000/499500 states...
  Processed 176000/499500 states...
  Processed 177000/499500 states...
  Processed 178000/499500 states...
  Processed 179000/499500 states...
  Processed 180000/499500 states...
  Processed 181000/499500 states...
  Processed 182000/499500 states...
  Processed 183000/499500 states...
  Processed 184000/499500 states...
  Processed 185000/499500 states...
  Processed 186000/499500 states...
  Processed 187000/499500 states...
  Processed 188000/499500 states...
  Processed 189000/499500 states...
  Processed 190000/499500 states...
  Processed 191000/499500 states...
  Processed 192000/499500 states...
  Processed 193000/499500 states...
  Processed 194000/499500 states...
  Processed 195000/499500 states...
  Processed 196000/499500 states...
  Processed 197000/499500 states...
  Processed 198000/499500 states...
  Processed 199000/499500 states...
  Processed 200000/499500 states...
  Processed 201000/499500 states...
  Processed 202000/499500 states...
  Processed 203000/499500 states...
  Processed 204000/499500 states...
  Processed 205000/499500 states...
  Processed 206000/499500 states...
  Processed 207000/499500 states...
  Processed 208000/499500 states...
  Processed 209000/499500 states...
  Processed 210000/499500 states...
  Processed 211000/499500 states...
  Processed 212000/499500 states...
  Processed 213000/499500 states...
  Processed 214000/499500 states...
  Processed 215000/499500 states...
  Processed 216000/499500 states...
  Processed 217000/499500 states...
  Processed 218000/499500 states...
  Processed 219000/499500 states...
  Processed 220000/499500 states...
  Processed 221000/499500 states...
  Processed 222000/499500 states...
  Processed 223000/499500 states...
  Processed 224000/499500 states...
  Processed 225000/499500 states...
  Processed 226000/499500 states...
  Processed 227000/499500 states...
  Processed 228000/499500 states...
  Processed 229000/499500 states...
  Processed 230000/499500 states...
  Processed 231000/499500 states...
  Processed 232000/499500 states...
  Processed 233000/499500 states...
  Processed 234000/499500 states...
  Processed 235000/499500 states...
  Processed 236000/499500 states...
  Processed 237000/499500 states...
  Processed 238000/499500 states...
  Processed 239000/499500 states...
  Processed 240000/499500 states...
  Processed 241000/499500 states...
  Processed 242000/499500 states...
  Processed 243000/499500 states...
  Processed 244000/499500 states...
  Processed 245000/499500 states...
  Processed 246000/499500 states...
  Processed 247000/499500 states...
  Processed 248000/499500 states...
  Processed 249000/499500 states...
  Processed 250000/499500 states...
  Processed 251000/499500 states...
  Processed 252000/499500 states...
  Processed 253000/499500 states...
  Processed 254000/499500 states...
  Processed 255000/499500 states...
  Processed 256000/499500 states...
  Processed 257000/499500 states...
  Processed 258000/499500 states...
  Processed 259000/499500 states...
  Processed 260000/499500 states...
  Processed 261000/499500 states...
  Processed 262000/499500 states...
  Processed 263000/499500 states...
  Processed 264000/499500 states...
  Processed 265000/499500 states...
  Processed 266000/499500 states...
  Processed 267000/499500 states...
  Processed 268000/499500 states...
  Processed 269000/499500 states...
  Processed 270000/499500 states...
  Processed 271000/499500 states...
  Processed 272000/499500 states...
  Processed 273000/499500 states...
  Processed 274000/499500 states...
  Processed 275000/499500 states...
  Processed 276000/499500 states...
  Processed 277000/499500 states...
  Processed 278000/499500 states...
  Processed 279000/499500 states...
  Processed 280000/499500 states...
  Processed 281000/499500 states...
  Processed 282000/499500 states...
  Processed 283000/499500 states...
  Processed 284000/499500 states...
  Processed 285000/499500 states...
  Processed 286000/499500 states...
  Processed 287000/499500 states...
  Processed 288000/499500 states...
  Processed 289000/499500 states...
  Processed 290000/499500 states...
  Processed 291000/499500 states...
  Processed 292000/499500 states...
  Processed 293000/499500 states...
  Processed 294000/499500 states...
  Processed 295000/499500 states...
  Processed 296000/499500 states...
  Processed 297000/499500 states...
  Processed 298000/499500 states...
  Processed 299000/499500 states...
  Processed 300000/499500 states...
  Processed 301000/499500 states...
  Processed 302000/499500 states...
  Processed 303000/499500 states...
  Processed 304000/499500 states...
  Processed 305000/499500 states...
  Processed 306000/499500 states...
  Processed 307000/499500 states...
  Processed 308000/499500 states...
  Processed 309000/499500 states...
  Processed 310000/499500 states...
  Processed 311000/499500 states...
  Processed 312000/499500 states...
  Processed 313000/499500 states...
  Processed 314000/499500 states...
  Processed 315000/499500 states...
  Processed 316000/499500 states...
  Processed 317000/499500 states...
  Processed 318000/499500 states...
  Processed 319000/499500 states...
  Processed 320000/499500 states...
  Processed 321000/499500 states...
  Processed 322000/499500 states...
  Processed 323000/499500 states...
  Processed 324000/499500 states...
  Processed 325000/499500 states...
  Processed 326000/499500 states...
  Processed 327000/499500 states...
  Processed 328000/499500 states...
  Processed 329000/499500 states...
  Processed 330000/499500 states...
  Processed 331000/499500 states...
  Processed 332000/499500 states...
  Processed 333000/499500 states...
  Processed 334000/499500 states...
  Processed 335000/499500 states...
  Processed 336000/499500 states...
  Processed 337000/499500 states...
  Processed 338000/499500 states...
  Processed 339000/499500 states...
  Processed 340000/499500 states...
  Processed 341000/499500 states...
  Processed 342000/499500 states...
  Processed 343000/499500 states...
  Processed 344000/499500 states...
  Processed 345000/499500 states...
  Processed 346000/499500 states...
  Processed 347000/499500 states...
  Processed 348000/499500 states...
  Processed 349000/499500 states...
  Processed 350000/499500 states...
  Processed 351000/499500 states...
  Processed 352000/499500 states...
  Processed 353000/499500 states...
  Processed 354000/499500 states...
  Processed 355000/499500 states...
  Processed 356000/499500 states...
  Processed 357000/499500 states...
  Processed 358000/499500 states...
  Processed 359000/499500 states...
  Processed 360000/499500 states...
  Processed 361000/499500 states...
  Processed 362000/499500 states...
  Processed 363000/499500 states...
  Processed 364000/499500 states...
  Processed 365000/499500 states...
  Processed 366000/499500 states...
  Processed 367000/499500 states...
  Processed 368000/499500 states...
  Processed 369000/499500 states...
  Processed 370000/499500 states...
  Processed 371000/499500 states...
  Processed 372000/499500 states...
  Processed 373000/499500 states...
  Processed 374000/499500 states...
  Processed 375000/499500 states...
  Processed 376000/499500 states...
  Processed 377000/499500 states...
  Processed 378000/499500 states...
  Processed 379000/499500 states...
  Processed 380000/499500 states...
  Processed 381000/499500 states...
  Processed 382000/499500 states...
  Processed 383000/499500 states...
  Processed 384000/499500 states...
  Processed 385000/499500 states...
  Processed 386000/499500 states...
  Processed 387000/499500 states...
  Processed 388000/499500 states...
  Processed 389000/499500 states...
  Processed 390000/499500 states...
  Processed 391000/499500 states...
  Processed 392000/499500 states...
  Processed 393000/499500 states...
  Processed 394000/499500 states...
  Processed 395000/499500 states...
  Processed 396000/499500 states...
  Processed 397000/499500 states...
  Processed 398000/499500 states...
  Processed 399000/499500 states...
  Processed 400000/499500 states...
  Processed 401000/499500 states...
  Processed 402000/499500 states...
  Processed 403000/499500 states...
  Processed 404000/499500 states...
  Processed 405000/499500 states...
  Processed 406000/499500 states...
  Processed 407000/499500 states...
  Processed 408000/499500 states...
  Processed 409000/499500 states...
  Processed 410000/499500 states...
  Processed 411000/499500 states...
  Processed 412000/499500 states...
  Processed 413000/499500 states...
  Processed 414000/499500 states...
  Processed 415000/499500 states...
  Processed 416000/499500 states...
  Processed 417000/499500 states...
  Processed 418000/499500 states...
  Processed 419000/499500 states...
  Processed 420000/499500 states...
  Processed 421000/499500 states...
  Processed 422000/499500 states...
  Processed 423000/499500 states...
  Processed 424000/499500 states...
  Processed 425000/499500 states...
  Processed 426000/499500 states...
  Processed 427000/499500 states...
  Processed 428000/499500 states...
  Processed 429000/499500 states...
  Processed 430000/499500 states...
  Processed 431000/499500 states...
  Processed 432000/499500 states...
  Processed 433000/499500 states...
  Processed 434000/499500 states...
  Processed 435000/499500 states...
  Processed 436000/499500 states...
  Processed 437000/499500 states...
  Processed 438000/499500 states...
  Processed 439000/499500 states...
  Processed 440000/499500 states...
  Processed 441000/499500 states...
  Processed 442000/499500 states...
  Processed 443000/499500 states...
  Processed 444000/499500 states...
  Processed 445000/499500 states...
  Processed 446000/499500 states...
  Processed 447000/499500 states...
  Processed 448000/499500 states...
  Processed 449000/499500 states...
  Processed 450000/499500 states...
  Processed 451000/499500 states...
  Processed 452000/499500 states...
  Processed 453000/499500 states...
  Processed 454000/499500 states...
  Processed 455000/499500 states...
  Processed 456000/499500 states...
  Processed 457000/499500 states...
  Processed 458000/499500 states...
  Processed 459000/499500 states...
  Processed 460000/499500 states...
  Processed 461000/499500 states...
  Processed 462000/499500 states...
  Processed 463000/499500 states...
  Processed 464000/499500 states...
  Processed 465000/499500 states...
  Processed 466000/499500 states...
  Processed 467000/499500 states...
  Processed 468000/499500 states...
  Processed 469000/499500 states...
  Processed 470000/499500 states...
  Processed 471000/499500 states...
  Processed 472000/499500 states...
  Processed 473000/499500 states...
  Processed 474000/499500 states...
  Processed 475000/499500 states...
  Processed 476000/499500 states...
  Processed 477000/499500 states...
  Processed 478000/499500 states...
  Processed 479000/499500 states...
  Processed 480000/499500 states...
  Processed 481000/499500 states...
  Processed 482000/499500 states...
  Processed 483000/499500 states...
  Processed 484000/499500 states...
  Processed 485000/499500 states...
  Processed 486000/499500 states...
  Processed 487000/499500 states...
  Processed 488000/499500 states...
  Processed 489000/499500 states...
  Processed 490000/499500 states...
  Processed 491000/499500 states...
  Processed 492000/499500 states...
  Processed 493000/499500 states...
  Processed 494000/499500 states...
  Processed 495000/499500 states...
  Processed 496000/499500 states...
  Processed 497000/499500 states...
  Processed 498000/499500 states...
  Processed 499000/499500 states...

State value stats: mean=1.84, std=0.49, min=-1.26, max=4.07
✅ Saved state values to /home/ed21b059/ddp/state_values_policy_traj500.npz
======================================================================

Saving state values and labels...
✅ Saved to q_function_models/state_values_and_labels.npz

======================================================================
STATE CLASSIFICATION STATISTICS
======================================================================
Total states: 499,500
Bad states (bottom 20%): 99,900 (20.0%)
Good states: 399,600 (80.0%)
Bad-value threshold: 1.479
V(s) range: [-1.26, 4.07]
======================================================================

======================================================================
RULE EXTRACTION PARAMETERS
======================================================================
NUM_STATES_TO_EXPLAIN: 200
  (Explaining 200 randomly sampled bad states)
NUM_LIME_FEATURES: 3
  (Each rule will have up to 3 conditions)
NUM_LIME_SAMPLES: 3000
  (LIME generates 3000 perturbed samples per state)
======================================================================

Extracting state-based rules...
Computing V(s) for 3,000 states with 20 sampled actions/state...
  Processed 1000/3000 states...
  Processed 2000/3000 states...
  Processed 3000/3000 states...
Computing V(s) for 3,000 states with 20 sampled actions/state...
  Processed 1000/3000 states...
  Processed 2000/3000 states...
  Processed 3000/3000 states...
Computing V(s) for 3,000 states with 20 sampled actions/state...
  Processed 1000/3000 states...
  Processed 2000/3000 states...
  Processed 3000/3000 states...
Computing V(s) for 3,000 states with 20 sampled actions/state...
  Processed 1000/3000 states...
  Processed 2000/3000 states...
  Processed 3000/3000 states...
Computing V(s) for 3,000 states with 20 sampled actions/state...
  Processed 1000/3000 states...
  Processed 2000/3000 states...
  Processed 3000/3000 states...
Computing V(s) for 3,000 states with 20 sampled actions/state...
  Processed 1000/3000 states...
  Processed 2000/3000 states...
  Processed 3000/3000 states...
Computing V(s) for 3,000 states with 20 sampled actions/state...
  Processed 1000/3000 states...
  Processed 2000/3000 states...
  Processed 3000/3000 states...
Computing V(s) for 3,000 states with 20 sampled actions/state...
  Processed 1000/3000 states...
  Processed 2000/3000 states...
  Processed 3000/3000 states...
Computing V(s) for 3,000 states with 20 sampled actions/state...
  Processed 1000/3000 states...
  Processed 2000/3000 states...
  Processed 3000/3000 states...
Computing V(s) for 3,000 states with 20 sampled actions/state...
  Processed 1000/3000 states...
  Processed 2000/3000 states...
  Processed 3000/3000 states...
Computing V(s) for 3,000 states with 20 sampled actions/state...
  Processed 1000/3000 states...
  Processed 2000/3000 states...
  Processed 3000/3000 states...
Computing V(s) for 3,000 states with 20 sampled actions/state...
  Processed 1000/3000 states...
  Processed 2000/3000 states...
  Processed 3000/3000 states...
Computing V(s) for 3,000 states with 20 sampled actions/state...
  Processed 1000/3000 states...
  Processed 2000/3000 states...
  Processed 3000/3000 states...
Computing V(s) for 3,000 states with 20 sampled actions/state...
  Processed 1000/3000 states...
  Processed 2000/3000 states...
  Processed 3000/3000 states...
Computing V(s) for 3,000 states with 20 sampled actions/state...
  Processed 1000/3000 states...
  Processed 2000/3000 states...
  Processed 3000/3000 states...
Computing V(s) for 3,000 states with 20 sampled actions/state...
  Processed 1000/3000 states...
  Processed 2000/3000 states...
  Processed 3000/3000 states...
Computing V(s) for 3,000 states with 20 sampled actions/state...
  Processed 1000/3000 states...
  Processed 2000/3000 states...
  Processed 3000/3000 states...
Computing V(s) for 3,000 states with 20 sampled actions/state...
  Processed 1000/3000 states...
  Processed 2000/3000 states...
  Processed 3000/3000 states...
Computing V(s) for 3,000 states with 20 sampled actions/state...
  Processed 1000/3000 states...
  Processed 2000/3000 states...
  Processed 3000/3000 states...
Computing V(s) for 3,000 states with 20 sampled actions/state...
  Processed 1000/3000 states...
  Processed 2000/3000 states...
  Processed 3000/3000 states...
Computing V(s) for 3,000 states with 20 sampled actions/state...
  Processed 1000/3000 states...
  Processed 2000/3000 states...
  Processed 3000/3000 states...
Computing V(s) for 3,000 states with 20 sampled actions/state...
  Processed 1000/3000 states...
  Processed 2000/3000 states...
  Processed 3000/3000 states...
Computing V(s) for 3,000 states with 20 sampled actions/state...
  Processed 1000/3000 states...
  Processed 2000/3000 states...
  Processed 3000/3000 states...
Computing V(s) for 3,000 states with 20 sampled actions/state...
  Processed 1000/3000 states...
  Processed 2000/3000 states...
  Processed 3000/3000 states...
Computing V(s) for 3,000 states with 20 sampled actions/state...
  Processed 1000/3000 states...
  Processed 2000/3000 states...
  Processed 3000/3000 states...
Computing V(s) for 3,000 states with 20 sampled actions/state...
  Processed 1000/3000 states...
  Processed 2000/3000 states...
  Processed 3000/3000 states...
Computing V(s) for 3,000 states with 20 sampled actions/state...
  Processed 1000/3000 states...
  Processed 2000/3000 states...
  Processed 3000/3000 states...
Computing V(s) for 3,000 states with 20 sampled actions/state...
  Processed 1000/3000 states...
  Processed 2000/3000 states...
  Processed 3000/3000 states...
Computing V(s) for 3,000 states with 20 sampled actions/state...
  Processed 1000/3000 states...
  Processed 2000/3000 states...
  Processed 3000/3000 states...
Computing V(s) for 3,000 states with 20 sampled actions/state...
  Processed 1000/3000 states...
  Processed 2000/3000 states...
  Processed 3000/3000 states...
Computing V(s) for 3,000 states with 20 sampled actions/state...
  Processed 1000/3000 states...
  Processed 2000/3000 states...
  Processed 3000/3000 states...
Computing V(s) for 3,000 states with 20 sampled actions/state...
  Processed 1000/3000 states...
  Processed 2000/3000 states...
  Processed 3000/3000 states...
Computing V(s) for 3,000 states with 20 sampled actions/state...
  Processed 1000/3000 states...
  Processed 2000/3000 states...
  Processed 3000/3000 states...
Computing V(s) for 3,000 states with 20 sampled actions/state...
  Processed 1000/3000 states...
  Processed 2000/3000 states...
  Processed 3000/3000 states...
Computing V(s) for 3,000 states with 20 sampled actions/state...
  Processed 1000/3000 states...
  Processed 2000/3000 states...
  Processed 3000/3000 states...
Computing V(s) for 3,000 states with 20 sampled actions/state...
  Processed 1000/3000 states...
  Processed 2000/3000 states...
  Processed 3000/3000 states...
Computing V(s) for 3,000 states with 20 sampled actions/state...
  Processed 1000/3000 states...
  Processed 2000/3000 states...
  Processed 3000/3000 states...
Computing V(s) for 3,000 states with 20 sampled actions/state...
  Processed 1000/3000 states...
  Processed 2000/3000 states...
  Processed 3000/3000 states...
Computing V(s) for 3,000 states with 20 sampled actions/state...
  Processed 1000/3000 states...
  Processed 2000/3000 states...
  Processed 3000/3000 states...
Computing V(s) for 3,000 states with 20 sampled actions/state...
  Processed 1000/3000 states...
  Processed 2000/3000 states...
  Processed 3000/3000 states...
Computing V(s) for 3,000 states with 20 sampled actions/state...
  Processed 1000/3000 states...
  Processed 2000/3000 states...
  Processed 3000/3000 states...
Computing V(s) for 3,000 states with 20 sampled actions/state...
  Processed 1000/3000 states...
  Processed 2000/3000 states...
  Processed 3000/3000 states...
Computing V(s) for 3,000 states with 20 sampled actions/state...
  Processed 1000/3000 states...
  Processed 2000/3000 states...
  Processed 3000/3000 states...
Computing V(s) for 3,000 states with 20 sampled actions/state...
  Processed 1000/3000 states...
  Processed 2000/3000 states...
  Processed 3000/3000 states...
Computing V(s) for 3,000 states with 20 sampled actions/state...
  Processed 1000/3000 states...
  Processed 2000/3000 states...
  Processed 3000/3000 states...
Computing V(s) for 3,000 states with 20 sampled actions/state...
  Processed 1000/3000 states...
  Processed 2000/3000 states...
  Processed 3000/3000 states...
Computing V(s) for 3,000 states with 20 sampled actions/state...
  Processed 1000/3000 states...
  Processed 2000/3000 states...
  Processed 3000/3000 states...
Computing V(s) for 3,000 states with 20 sampled actions/state...
  Processed 1000/3000 states...
  Processed 2000/3000 states...
  Processed 3000/3000 states...
Computing V(s) for 3,000 states with 20 sampled actions/state...
  Processed 1000/3000 states...
  Processed 2000/3000 states...
  Processed 3000/3000 states...
Computing V(s) for 3,000 states with 20 sampled actions/state...
  Processed 1000/3000 states...
  Processed 2000/3000 states...
  Processed 3000/3000 states...
Computing V(s) for 3,000 states with 20 sampled actions/state...
  Processed 1000/3000 states...
  Processed 2000/3000 states...
  Processed 3000/3000 states...
Computing V(s) for 3,000 states with 20 sampled actions/state...
  Processed 1000/3000 states...
  Processed 2000/3000 states...
  Processed 3000/3000 states...
Computing V(s) for 3,000 states with 20 sampled actions/state...
  Processed 1000/3000 states...
  Processed 2000/3000 states...
  Processed 3000/3000 states...
Computing V(s) for 3,000 states with 20 sampled actions/state...
  Processed 1000/3000 states...
  Processed 2000/3000 states...
  Processed 3000/3000 states...
Computing V(s) for 3,000 states with 20 sampled actions/state...
  Processed 1000/3000 states...
  Processed 2000/3000 states...
  Processed 3000/3000 states...
Computing V(s) for 3,000 states with 20 sampled actions/state...
  Processed 1000/3000 states...
  Processed 2000/3000 states...
  Processed 3000/3000 states...
Computing V(s) for 3,000 states with 20 sampled actions/state...
  Processed 1000/3000 states...
  Processed 2000/3000 states...
  Processed 3000/3000 states...
Computing V(s) for 3,000 states with 20 sampled actions/state...
  Processed 1000/3000 states...
  Processed 2000/3000 states...
  Processed 3000/3000 states...
Computing V(s) for 3,000 states with 20 sampled actions/state...
  Processed 1000/3000 states...
  Processed 2000/3000 states...
  Processed 3000/3000 states...
Computing V(s) for 3,000 states with 20 sampled actions/state...
  Processed 1000/3000 states...
  Processed 2000/3000 states...
  Processed 3000/3000 states...
Computing V(s) for 3,000 states with 20 sampled actions/state...
  Processed 1000/3000 states...
  Processed 2000/3000 states...
  Processed 3000/3000 states...
Computing V(s) for 3,000 states with 20 sampled actions/state...
  Processed 1000/3000 states...
  Processed 2000/3000 states...
  Processed 3000/3000 states...
Computing V(s) for 3,000 states with 20 sampled actions/state...
  Processed 1000/3000 states...
  Processed 2000/3000 states...
  Processed 3000/3000 states...
Computing V(s) for 3,000 states with 20 sampled actions/state...
  Processed 1000/3000 states...
  Processed 2000/3000 states...
  Processed 3000/3000 states...
Computing V(s) for 3,000 states with 20 sampled actions/state...
  Processed 1000/3000 states...
  Processed 2000/3000 states...
  Processed 3000/3000 states...
Computing V(s) for 3,000 states with 20 sampled actions/state...
  Processed 1000/3000 states...
  Processed 2000/3000 states...
  Processed 3000/3000 states...
Computing V(s) for 3,000 states with 20 sampled actions/state...
  Processed 1000/3000 states...
  Processed 2000/3000 states...
  Processed 3000/3000 states...
Computing V(s) for 3,000 states with 20 sampled actions/state...
  Processed 1000/3000 states...
  Processed 2000/3000 states...
  Processed 3000/3000 states...
Computing V(s) for 3,000 states with 20 sampled actions/state...
  Processed 1000/3000 states...
  Processed 2000/3000 states...
  Processed 3000/3000 states...
Computing V(s) for 3,000 states with 20 sampled actions/state...
  Processed 1000/3000 states...
  Processed 2000/3000 states...
  Processed 3000/3000 states...
Computing V(s) for 3,000 states with 20 sampled actions/state...
  Processed 1000/3000 states...
  Processed 2000/3000 states...
  Processed 3000/3000 states...
Computing V(s) for 3,000 states with 20 sampled actions/state...
  Processed 1000/3000 states...
  Processed 2000/3000 states...
  Processed 3000/3000 states...
Computing V(s) for 3,000 states with 20 sampled actions/state...
  Processed 1000/3000 states...
  Processed 2000/3000 states...
  Processed 3000/3000 states...
Computing V(s) for 3,000 states with 20 sampled actions/state...
  Processed 1000/3000 states...
  Processed 2000/3000 states...
  Processed 3000/3000 states...
Computing V(s) for 3,000 states with 20 sampled actions/state...
  Processed 1000/3000 states...
  Processed 2000/3000 states...
  Processed 3000/3000 states...
Computing V(s) for 3,000 states with 20 sampled actions/state...
  Processed 1000/3000 states...
  Processed 2000/3000 states...
  Processed 3000/3000 states...
Computing V(s) for 3,000 states with 20 sampled actions/state...
  Processed 1000/3000 states...
  Processed 2000/3000 states...
  Processed 3000/3000 states...
Computing V(s) for 3,000 states with 20 sampled actions/state...
  Processed 1000/3000 states...
  Processed 2000/3000 states...
  Processed 3000/3000 states...
Computing V(s) for 3,000 states with 20 sampled actions/state...
  Processed 1000/3000 states...
  Processed 2000/3000 states...
  Processed 3000/3000 states...
Computing V(s) for 3,000 states with 20 sampled actions/state...
  Processed 1000/3000 states...
  Processed 2000/3000 states...
  Processed 3000/3000 states...
Computing V(s) for 3,000 states with 20 sampled actions/state...
  Processed 1000/3000 states...
  Processed 2000/3000 states...
  Processed 3000/3000 states...
Computing V(s) for 3,000 states with 20 sampled actions/state...
  Processed 1000/3000 states...
  Processed 2000/3000 states...
  Processed 3000/3000 states...
Computing V(s) for 3,000 states with 20 sampled actions/state...
  Processed 1000/3000 states...
  Processed 2000/3000 states...
  Processed 3000/3000 states...
Computing V(s) for 3,000 states with 20 sampled actions/state...
  Processed 1000/3000 states...
  Processed 2000/3000 states...
  Processed 3000/3000 states...
Computing V(s) for 3,000 states with 20 sampled actions/state...
  Processed 1000/3000 states...
  Processed 2000/3000 states...
  Processed 3000/3000 states...
Computing V(s) for 3,000 states with 20 sampled actions/state...
  Processed 1000/3000 states...
  Processed 2000/3000 states...
  Processed 3000/3000 states...
Computing V(s) for 3,000 states with 20 sampled actions/state...
  Processed 1000/3000 states...
  Processed 2000/3000 states...
  Processed 3000/3000 states...
Computing V(s) for 3,000 states with 20 sampled actions/state...
  Processed 1000/3000 states...
  Processed 2000/3000 states...
  Processed 3000/3000 states...
Computing V(s) for 3,000 states with 20 sampled actions/state...
  Processed 1000/3000 states...
  Processed 2000/3000 states...
  Processed 3000/3000 states...
Computing V(s) for 3,000 states with 20 sampled actions/state...
  Processed 1000/3000 states...
  Processed 2000/3000 states...
  Processed 3000/3000 states...
Computing V(s) for 3,000 states with 20 sampled actions/state...
  Processed 1000/3000 states...
  Processed 2000/3000 states...
  Processed 3000/3000 states...
Computing V(s) for 3,000 states with 20 sampled actions/state...
  Processed 1000/3000 states...
  Processed 2000/3000 states...
  Processed 3000/3000 states...
Computing V(s) for 3,000 states with 20 sampled actions/state...
  Processed 1000/3000 states...
  Processed 2000/3000 states...
  Processed 3000/3000 states...
Computing V(s) for 3,000 states with 20 sampled actions/state...
  Processed 1000/3000 states...
  Processed 2000/3000 states...
  Processed 3000/3000 states...
Computing V(s) for 3,000 states with 20 sampled actions/state...
  Processed 1000/3000 states...
  Processed 2000/3000 states...
  Processed 3000/3000 states...
Computing V(s) for 3,000 states with 20 sampled actions/state...
  Processed 1000/3000 states...
  Processed 2000/3000 states...
  Processed 3000/3000 states...
Computing V(s) for 3,000 states with 20 sampled actions/state...
  Processed 1000/3000 states...
  Processed 2000/3000 states...
  Processed 3000/3000 states...
Computing V(s) for 3,000 states with 20 sampled actions/state...
  Processed 1000/3000 states...
  Processed 2000/3000 states...
  Processed 3000/3000 states...
Computing V(s) for 3,000 states with 20 sampled actions/state...
  Processed 1000/3000 states...
  Processed 2000/3000 states...
  Processed 3000/3000 states...
Computing V(s) for 3,000 states with 20 sampled actions/state...
  Processed 1000/3000 states...
  Processed 2000/3000 states...
  Processed 3000/3000 states...
Computing V(s) for 3,000 states with 20 sampled actions/state...
  Processed 1000/3000 states...
  Processed 2000/3000 states...
  Processed 3000/3000 states...
Computing V(s) for 3,000 states with 20 sampled actions/state...
  Processed 1000/3000 states...
  Processed 2000/3000 states...
  Processed 3000/3000 states...
Computing V(s) for 3,000 states with 20 sampled actions/state...
  Processed 1000/3000 states...
  Processed 2000/3000 states...
  Processed 3000/3000 states...
Computing V(s) for 3,000 states with 20 sampled actions/state...
  Processed 1000/3000 states...
  Processed 2000/3000 states...
  Processed 3000/3000 states...
Computing V(s) for 3,000 states with 20 sampled actions/state...
  Processed 1000/3000 states...
  Processed 2000/3000 states...
  Processed 3000/3000 states...
Computing V(s) for 3,000 states with 20 sampled actions/state...
  Processed 1000/3000 states...
  Processed 2000/3000 states...
  Processed 3000/3000 states...
Computing V(s) for 3,000 states with 20 sampled actions/state...
  Processed 1000/3000 states...
  Processed 2000/3000 states...
  Processed 3000/3000 states...
Computing V(s) for 3,000 states with 20 sampled actions/state...
  Processed 1000/3000 states...
  Processed 2000/3000 states...
  Processed 3000/3000 states...
Computing V(s) for 3,000 states with 20 sampled actions/state...
  Processed 1000/3000 states...
  Processed 2000/3000 states...
  Processed 3000/3000 states...
Computing V(s) for 3,000 states with 20 sampled actions/state...
  Processed 1000/3000 states...
  Processed 2000/3000 states...
  Processed 3000/3000 states...
Computing V(s) for 3,000 states with 20 sampled actions/state...
  Processed 1000/3000 states...
  Processed 2000/3000 states...
  Processed 3000/3000 states...
Computing V(s) for 3,000 states with 20 sampled actions/state...
  Processed 1000/3000 states...
  Processed 2000/3000 states...
  Processed 3000/3000 states...
Computing V(s) for 3,000 states with 20 sampled actions/state...
  Processed 1000/3000 states...
  Processed 2000/3000 states...
  Processed 3000/3000 states...
Computing V(s) for 3,000 states with 20 sampled actions/state...
  Processed 1000/3000 states...
  Processed 2000/3000 states...
  Processed 3000/3000 states...
Computing V(s) for 3,000 states with 20 sampled actions/state...
  Processed 1000/3000 states...
  Processed 2000/3000 states...
  Processed 3000/3000 states...
Computing V(s) for 3,000 states with 20 sampled actions/state...
  Processed 1000/3000 states...
  Processed 2000/3000 states...
  Processed 3000/3000 states...
Computing V(s) for 3,000 states with 20 sampled actions/state...
  Processed 1000/3000 states...
  Processed 2000/3000 states...
  Processed 3000/3000 states...
Computing V(s) for 3,000 states with 20 sampled actions/state...
  Processed 1000/3000 states...
  Processed 2000/3000 states...
  Processed 3000/3000 states...
Computing V(s) for 3,000 states with 20 sampled actions/state...
  Processed 1000/3000 states...
  Processed 2000/3000 states...
  Processed 3000/3000 states...
Computing V(s) for 3,000 states with 20 sampled actions/state...
  Processed 1000/3000 states...
  Processed 2000/3000 states...
  Processed 3000/3000 states...
Computing V(s) for 3,000 states with 20 sampled actions/state...
  Processed 1000/3000 states...
  Processed 2000/3000 states...
  Processed 3000/3000 states...
Computing V(s) for 3,000 states with 20 sampled actions/state...
  Processed 1000/3000 states...
  Processed 2000/3000 states...
  Processed 3000/3000 states...
Computing V(s) for 3,000 states with 20 sampled actions/state...
  Processed 1000/3000 states...
  Processed 2000/3000 states...
  Processed 3000/3000 states...
Computing V(s) for 3,000 states with 20 sampled actions/state...
  Processed 1000/3000 states...
  Processed 2000/3000 states...
  Processed 3000/3000 states...
Computing V(s) for 3,000 states with 20 sampled actions/state...
  Processed 1000/3000 states...
  Processed 2000/3000 states...
  Processed 3000/3000 states...
Computing V(s) for 3,000 states with 20 sampled actions/state...
  Processed 1000/3000 states...
  Processed 2000/3000 states...
  Processed 3000/3000 states...
Computing V(s) for 3,000 states with 20 sampled actions/state...
  Processed 1000/3000 states...
  Processed 2000/3000 states...
  Processed 3000/3000 states...
Computing V(s) for 3,000 states with 20 sampled actions/state...
  Processed 1000/3000 states...
  Processed 2000/3000 states...
  Processed 3000/3000 states...
Computing V(s) for 3,000 states with 20 sampled actions/state...
  Processed 1000/3000 states...
  Processed 2000/3000 states...
  Processed 3000/3000 states...
Computing V(s) for 3,000 states with 20 sampled actions/state...
  Processed 1000/3000 states...
  Processed 2000/3000 states...
  Processed 3000/3000 states...
Computing V(s) for 3,000 states with 20 sampled actions/state...
  Processed 1000/3000 states...
  Processed 2000/3000 states...
  Processed 3000/3000 states...
Computing V(s) for 3,000 states with 20 sampled actions/state...
  Processed 1000/3000 states...
  Processed 2000/3000 states...
  Processed 3000/3000 states...
Computing V(s) for 3,000 states with 20 sampled actions/state...
  Processed 1000/3000 states...
  Processed 2000/3000 states...
  Processed 3000/3000 states...
Computing V(s) for 3,000 states with 20 sampled actions/state...
  Processed 1000/3000 states...
  Processed 2000/3000 states...
  Processed 3000/3000 states...
Computing V(s) for 3,000 states with 20 sampled actions/state...
  Processed 1000/3000 states...
  Processed 2000/3000 states...
  Processed 3000/3000 states...
Computing V(s) for 3,000 states with 20 sampled actions/state...
  Processed 1000/3000 states...
  Processed 2000/3000 states...
  Processed 3000/3000 states...
Computing V(s) for 3,000 states with 20 sampled actions/state...
  Processed 1000/3000 states...
  Processed 2000/3000 states...
  Processed 3000/3000 states...
Computing V(s) for 3,000 states with 20 sampled actions/state...
  Processed 1000/3000 states...
  Processed 2000/3000 states...
  Processed 3000/3000 states...
Computing V(s) for 3,000 states with 20 sampled actions/state...
  Processed 1000/3000 states...
  Processed 2000/3000 states...
  Processed 3000/3000 states...
Computing V(s) for 3,000 states with 20 sampled actions/state...
  Processed 1000/3000 states...
  Processed 2000/3000 states...
  Processed 3000/3000 states...
Computing V(s) for 3,000 states with 20 sampled actions/state...
  Processed 1000/3000 states...
  Processed 2000/3000 states...
  Processed 3000/3000 states...
Computing V(s) for 3,000 states with 20 sampled actions/state...
  Processed 1000/3000 states...
  Processed 2000/3000 states...
  Processed 3000/3000 states...
Computing V(s) for 3,000 states with 20 sampled actions/state...
  Processed 1000/3000 states...
  Processed 2000/3000 states...
  Processed 3000/3000 states...
Computing V(s) for 3,000 states with 20 sampled actions/state...
  Processed 1000/3000 states...
  Processed 2000/3000 states...
  Processed 3000/3000 states...
Computing V(s) for 3,000 states with 20 sampled actions/state...
  Processed 1000/3000 states...
  Processed 2000/3000 states...
  Processed 3000/3000 states...
Computing V(s) for 3,000 states with 20 sampled actions/state...
  Processed 1000/3000 states...
  Processed 2000/3000 states...
  Processed 3000/3000 states...
Computing V(s) for 3,000 states with 20 sampled actions/state...
  Processed 1000/3000 states...
  Processed 2000/3000 states...
  Processed 3000/3000 states...
Computing V(s) for 3,000 states with 20 sampled actions/state...
  Processed 1000/3000 states...
  Processed 2000/3000 states...
  Processed 3000/3000 states...
Computing V(s) for 3,000 states with 20 sampled actions/state...
  Processed 1000/3000 states...
  Processed 2000/3000 states...
  Processed 3000/3000 states...
Computing V(s) for 3,000 states with 20 sampled actions/state...
  Processed 1000/3000 states...
  Processed 2000/3000 states...
  Processed 3000/3000 states...
Computing V(s) for 3,000 states with 20 sampled actions/state...
  Processed 1000/3000 states...
  Processed 2000/3000 states...
  Processed 3000/3000 states...
Computing V(s) for 3,000 states with 20 sampled actions/state...
  Processed 1000/3000 states...
  Processed 2000/3000 states...
  Processed 3000/3000 states...
Computing V(s) for 3,000 states with 20 sampled actions/state...
  Processed 1000/3000 states...
  Processed 2000/3000 states...
  Processed 3000/3000 states...
Computing V(s) for 3,000 states with 20 sampled actions/state...
  Processed 1000/3000 states...
  Processed 2000/3000 states...
  Processed 3000/3000 states...
Computing V(s) for 3,000 states with 20 sampled actions/state...
  Processed 1000/3000 states...
  Processed 2000/3000 states...
  Processed 3000/3000 states...
Computing V(s) for 3,000 states with 20 sampled actions/state...
  Processed 1000/3000 states...
  Processed 2000/3000 states...
  Processed 3000/3000 states...
Computing V(s) for 3,000 states with 20 sampled actions/state...
  Processed 1000/3000 states...
  Processed 2000/3000 states...
  Processed 3000/3000 states...
Computing V(s) for 3,000 states with 20 sampled actions/state...
  Processed 1000/3000 states...
  Processed 2000/3000 states...
  Processed 3000/3000 states...
Computing V(s) for 3,000 states with 20 sampled actions/state...
  Processed 1000/3000 states...
  Processed 2000/3000 states...
  Processed 3000/3000 states...
Computing V(s) for 3,000 states with 20 sampled actions/state...
  Processed 1000/3000 states...
  Processed 2000/3000 states...
  Processed 3000/3000 states...
Computing V(s) for 3,000 states with 20 sampled actions/state...
  Processed 1000/3000 states...
  Processed 2000/3000 states...
  Processed 3000/3000 states...
Computing V(s) for 3,000 states with 20 sampled actions/state...
  Processed 1000/3000 states...
  Processed 2000/3000 states...
  Processed 3000/3000 states...
Computing V(s) for 3,000 states with 20 sampled actions/state...
  Processed 1000/3000 states...
  Processed 2000/3000 states...
  Processed 3000/3000 states...
Computing V(s) for 3,000 states with 20 sampled actions/state...
  Processed 1000/3000 states...
  Processed 2000/3000 states...
  Processed 3000/3000 states...
Computing V(s) for 3,000 states with 20 sampled actions/state...
  Processed 1000/3000 states...
  Processed 2000/3000 states...
  Processed 3000/3000 states...
Computing V(s) for 3,000 states with 20 sampled actions/state...
  Processed 1000/3000 states...
  Processed 2000/3000 states...
  Processed 3000/3000 states...
Computing V(s) for 3,000 states with 20 sampled actions/state...
  Processed 1000/3000 states...
  Processed 2000/3000 states...
  Processed 3000/3000 states...
Computing V(s) for 3,000 states with 20 sampled actions/state...
  Processed 1000/3000 states...
  Processed 2000/3000 states...
  Processed 3000/3000 states...
Computing V(s) for 3,000 states with 20 sampled actions/state...
  Processed 1000/3000 states...
  Processed 2000/3000 states...
  Processed 3000/3000 states...
Computing V(s) for 3,000 states with 20 sampled actions/state...
  Processed 1000/3000 states...
  Processed 2000/3000 states...
  Processed 3000/3000 states...
Computing V(s) for 3,000 states with 20 sampled actions/state...
  Processed 1000/3000 states...
  Processed 2000/3000 states...
  Processed 3000/3000 states...
Computing V(s) for 3,000 states with 20 sampled actions/state...
  Processed 1000/3000 states...
  Processed 2000/3000 states...
  Processed 3000/3000 states...
Computing V(s) for 3,000 states with 20 sampled actions/state...
  Processed 1000/3000 states...
  Processed 2000/3000 states...
  Processed 3000/3000 states...
Computing V(s) for 3,000 states with 20 sampled actions/state...
  Processed 1000/3000 states...
  Processed 2000/3000 states...
  Processed 3000/3000 states...
Computing V(s) for 3,000 states with 20 sampled actions/state...
  Processed 1000/3000 states...
  Processed 2000/3000 states...
  Processed 3000/3000 states...
Computing V(s) for 3,000 states with 20 sampled actions/state...
  Processed 1000/3000 states...
  Processed 2000/3000 states...
  Processed 3000/3000 states...
Computing V(s) for 3,000 states with 20 sampled actions/state...
  Processed 1000/3000 states...
  Processed 2000/3000 states...
  Processed 3000/3000 states...
Computing V(s) for 3,000 states with 20 sampled actions/state...
  Processed 1000/3000 states...
  Processed 2000/3000 states...
  Processed 3000/3000 states...
Computing V(s) for 3,000 states with 20 sampled actions/state...
  Processed 1000/3000 states...
  Processed 2000/3000 states...
  Processed 3000/3000 states...
Computing V(s) for 3,000 states with 20 sampled actions/state...
  Processed 1000/3000 states...
  Processed 2000/3000 states...
  Processed 3000/3000 states...
Computing V(s) for 3,000 states with 20 sampled actions/state...
  Processed 1000/3000 states...
  Processed 2000/3000 states...
  Processed 3000/3000 states...
Computing V(s) for 3,000 states with 20 sampled actions/state...
  Processed 1000/3000 states...
  Processed 2000/3000 states...
  Processed 3000/3000 states...
Computing V(s) for 3,000 states with 20 sampled actions/state...
  Processed 1000/3000 states...
  Processed 2000/3000 states...
  Processed 3000/3000 states...
Computing V(s) for 3,000 states with 20 sampled actions/state...
  Processed 1000/3000 states...
  Processed 2000/3000 states...
  Processed 3000/3000 states...
Computing V(s) for 3,000 states with 20 sampled actions/state...
  Processed 1000/3000 states...
  Processed 2000/3000 states...
  Processed 3000/3000 states...
Computing V(s) for 3,000 states with 20 sampled actions/state...
  Processed 1000/3000 states...
  Processed 2000/3000 states...
  Processed 3000/3000 states...
Computing V(s) for 3,000 states with 20 sampled actions/state...
  Processed 1000/3000 states...
  Processed 2000/3000 states...
  Processed 3000/3000 states...
Computing V(s) for 3,000 states with 20 sampled actions/state...
  Processed 1000/3000 states...
  Processed 2000/3000 states...
  Processed 3000/3000 states...
Computing V(s) for 3,000 states with 20 sampled actions/state...
  Processed 1000/3000 states...
  Processed 2000/3000 states...
  Processed 3000/3000 states...
Computing V(s) for 3,000 states with 20 sampled actions/state...
  Processed 1000/3000 states...
  Processed 2000/3000 states...
  Processed 3000/3000 states...
Computing V(s) for 3,000 states with 20 sampled actions/state...
  Processed 1000/3000 states...
  Processed 2000/3000 states...
  Processed 3000/3000 states...
Computing V(s) for 3,000 states with 20 sampled actions/state...
  Processed 1000/3000 states...
  Processed 2000/3000 states...
  Processed 3000/3000 states...
Computing V(s) for 3,000 states with 20 sampled actions/state...
  Processed 1000/3000 states...
  Processed 2000/3000 states...
  Processed 3000/3000 states...
Computing V(s) for 3,000 states with 20 sampled actions/state...
  Processed 1000/3000 states...
  Processed 2000/3000 states...
  Processed 3000/3000 states...
Computing V(s) for 3,000 states with 20 sampled actions/state...
  Processed 1000/3000 states...
  Processed 2000/3000 states...
  Processed 3000/3000 states...
Computing V(s) for 3,000 states with 20 sampled actions/state...
  Processed 1000/3000 states...
  Processed 2000/3000 states...
  Processed 3000/3000 states...
Computing V(s) for 3,000 states with 20 sampled actions/state...
  Processed 1000/3000 states...
  Processed 2000/3000 states...
  Processed 3000/3000 states...
Computing V(s) for 3,000 states with 20 sampled actions/state...
  Processed 1000/3000 states...
  Processed 2000/3000 states...
  Processed 3000/3000 states...
Computing V(s) for 3,000 states with 20 sampled actions/state...
  Processed 1000/3000 states...
  Processed 2000/3000 states...
  Processed 3000/3000 states...
Computing V(s) for 3,000 states with 20 sampled actions/state...
  Processed 1000/3000 states...
  Processed 2000/3000 states...
  Processed 3000/3000 states...

======================================================================
RULE FILTERING STATISTICS
======================================================================
Total unique rules extracted: 19
Rules filtered by support (< 30): 0
Rules filtered by precision (< 0.6): 16
Final rules passing all filters: 3
======================================================================

======================================================================
STATE-BASED FAILURE RULES WITH ACTION RECOMMENDATIONS
======================================================================

For each bad state region, we show:
  1. State conditions that define the region
  2. Which actions lead to HIGH Q-values (good actions)
  3. Which actions lead to LOW Q-values (actions to avoid)
======================================================================

RULE 1:
Failure Probability: 0.89
Coverage: 25.97%
Recall: 115.68%

State Conditions:
  State_12 <= 0.000
    (State_12)
  State_13 > 0.000
    (State_13)
  State_58 > 0.420
    (State_58)

Action Analysis (for example states in this region):
  ✅ Best Actions (Top 5%, Q-range: [-0.05, -0.02]):
    force_x: [-0.639, 0.313] (mean: -0.129)
    velocity_z: [0.910, 1.251] (mean: 1.027)

  ❌ Worst Actions (Bottom 5%, Q-range: [-0.96, -0.70]):
    force_x: [-0.746, 1.866] (mean: 0.996)
    velocity_z: [-2.862, -1.258] (mean: -2.070)

  Overall Q-value range: [-0.96, -0.02]
----------------------------------------------------------------------
RULE 2:
Failure Probability: 0.69
Coverage: 195.79%
Recall: 676.31%

State Conditions:
  State_12 <= 0.000
    (State_12)
  State_13 <= 0.000
    (State_13)
  State_16 > 0.000
    (State_16)

Action Analysis (for example states in this region):
  ✅ Best Actions (Top 5%, Q-range: [-0.18, -0.15]):
    force_x: [1.406, 2.324] (mean: 1.736)
    velocity_z: [-0.578, 1.610] (mean: 0.547)

  ❌ Worst Actions (Bottom 5%, Q-range: [-0.48, -0.46]):
    force_x: [-2.154, -1.274] (mean: -1.667)
    velocity_z: [-2.197, 1.175] (mean: -0.419)

  Overall Q-value range: [-0.48, -0.15]
----------------------------------------------------------------------
RULE 3:
Failure Probability: 0.67
Coverage: 158.63%
Recall: 534.85%

State Conditions:
  State_12 <= 0.000
    (State_12)
  State_13 <= 0.000
    (State_13)
  State_15 > 0.000
    (State_15)

Action Analysis (for example states in this region):
  ✅ Best Actions (Top 5%, Q-range: [-0.17, -0.16]):
    force_x: [1.573, 2.006] (mean: 1.743)
    velocity_z: [-0.483, 0.871] (mean: 0.272)

  ❌ Worst Actions (Bottom 5%, Q-range: [-0.50, -0.48]):
    force_x: [-2.777, -1.917] (mean: -2.420)
    velocity_z: [-1.260, 0.177] (mean: -0.412)

  Overall Q-value range: [-0.50, -0.16]
----------------------------------------------------------------------

======================================================================
MERGED/SIMPLIFIED RULES
======================================================================

Removing duplicates and subsumed rules...
After removing duplicates: 3 rules (removed 0)
After removing subsumed rules: 3 rules (removed 0)
After merging similar rules: 3 rules

Total reduction: 3 → 3 rules
======================================================================

MERGED RULE 1:
  (Original rule 1)
Failure Probability: 0.89
Coverage: 25.97%
Support: 129,726 states

Conditions:
  State_12 <= 0.000
  State_13 > 0.000
  State_58 > 0.420
----------------------------------------------------------------------
MERGED RULE 2:
  (Original rule 2)
Failure Probability: 0.69
Coverage: 195.79%
Support: 977,958 states

Conditions:
  State_12 <= 0.000
  State_13 <= 0.000
  State_16 > 0.000
----------------------------------------------------------------------
MERGED RULE 3:
  (Original rule 3)
Failure Probability: 0.67
Coverage: 158.63%
Support: 792,360 states

Conditions:
  State_12 <= 0.000
  State_13 <= 0.000
  State_15 > 0.000
----------------------------------------------------------------------

======================================================================
RULES SAVED
======================================================================

Original rules saved to:
  JSON: extracted_rules/original_rules_20260418_023410.json
  Text: extracted_rules/original_rules_20260418_023410.txt

Merged rules saved to:
  JSON: extracted_rules/merged_rules_20260418_023410.json
  Text: extracted_rules/merged_rules_20260418_023410.txt
======================================================================

Done!
2026-04-23 00:09:19.979209: I tensorflow/core/platform/cpu_feature_guard.cc:141] Your CPU supports instructions that this TensorFlow binary was not compiled to use: AVX2 FMA
2026-04-23 00:09:19.986942: I tensorflow/core/platform/profile_utils/cpu_utils.cc:94] CPU Frequency: 2794745000 Hz
2026-04-23 00:09:19.991614: I tensorflow/compiler/xla/service/service.cc:150] XLA service 0x17a217d0 executing computations on platform Host. Devices:
2026-04-23 00:09:19.991650: I tensorflow/compiler/xla/service/service.cc:158]   StreamExecutor device (0): <undefined>, <undefined>
/home/ed21b059/miniconda3/envs/safeil/lib/python3.7/site-packages/tensorflow/python/framework/dtypes.py:526: FutureWarning: Passing (type, 1) or '1type' as a synonym of type is deprecated; in a future version of numpy, it will be understood as (type, (1,)) / '(1,)type'.
  _np_qint8 = np.dtype([("qint8", np.int8, 1)])
/home/ed21b059/miniconda3/envs/safeil/lib/python3.7/site-packages/tensorflow/python/framework/dtypes.py:527: FutureWarning: Passing (type, 1) or '1type' as a synonym of type is deprecated; in a future version of numpy, it will be understood as (type, (1,)) / '(1,)type'.
  _np_quint8 = np.dtype([("quint8", np.uint8, 1)])
/home/ed21b059/miniconda3/envs/safeil/lib/python3.7/site-packages/tensorflow/python/framework/dtypes.py:528: FutureWarning: Passing (type, 1) or '1type' as a synonym of type is deprecated; in a future version of numpy, it will be understood as (type, (1,)) / '(1,)type'.
  _np_qint16 = np.dtype([("qint16", np.int16, 1)])
/home/ed21b059/miniconda3/envs/safeil/lib/python3.7/site-packages/tensorflow/python/framework/dtypes.py:529: FutureWarning: Passing (type, 1) or '1type' as a synonym of type is deprecated; in a future version of numpy, it will be understood as (type, (1,)) / '(1,)type'.
  _np_quint16 = np.dtype([("quint16", np.uint16, 1)])
/home/ed21b059/miniconda3/envs/safeil/lib/python3.7/site-packages/tensorflow/python/framework/dtypes.py:530: FutureWarning: Passing (type, 1) or '1type' as a synonym of type is deprecated; in a future version of numpy, it will be understood as (type, (1,)) / '(1,)type'.
  _np_qint32 = np.dtype([("qint32", np.int32, 1)])
/home/ed21b059/miniconda3/envs/safeil/lib/python3.7/site-packages/tensorflow/python/framework/dtypes.py:535: FutureWarning: Passing (type, 1) or '1type' as a synonym of type is deprecated; in a future version of numpy, it will be understood as (type, (1,)) / '(1,)type'.
  np_resource = np.dtype([("resource", np.ubyte, 1)])
/home/ed21b059/miniconda3/envs/safeil/lib/python3.7/site-packages/gym/logger.py:30: UserWarning: [33mWARN: Box bound precision lowered by casting to float32[0m
  warnings.warn(colorize('%s: %s'%('WARN', msg % args), 'yellow'))
Requested simple_save300 is unavailable or incomplete; falling back to simple_save291.
Using default action op.
run_policy: 0it [00:00, ?it/s]run_policy: 40it [00:00, 392.86it/s]run_policy: 91it [00:00, 458.46it/s]run_policy: 140it [00:00, 471.08it/s]run_policy: 191it [00:00, 485.07it/s]run_policy: 242it [00:00, 491.05it/s]run_policy: 294it [00:00, 497.55it/s]run_policy: 345it [00:00, 500.48it/s]run_policy: 396it [00:00, 501.32it/s]run_policy: 447it [00:00, 497.08it/s]run_policy: 499it [00:01, 501.15it/s]run_policy: 550it [00:01, 501.65it/s]run_policy: 602it [00:01, 506.30it/s]run_policy: 653it [00:01, 506.69it/s]run_policy: 704it [00:01, 503.50it/s]run_policy: 755it [00:01, 504.69it/s]run_policy: 807it [00:01, 508.10it/s]run_policy: 860it [00:01, 512.06it/s]run_policy: 913it [00:01, 515.38it/s]run_policy: 965it [00:01, 514.93it/s]Episode 0 	 EpRet 24.909 	 EpCost 215.000 	 EpLen 1000

run_policy: 0it [00:00, ?it/s][Arun_policy: 1000it [00:02, 433.76it/s]

run_policy: 52it [00:00, 513.61it/s][A
run_policy: 104it [00:00, 513.66it/s][A
run_policy: 157it [00:00, 516.79it/s][A
run_policy: 209it [00:00, 515.99it/s][A
run_policy: 261it [00:00, 515.98it/s][A
run_policy: 313it [00:00, 513.58it/s][A
run_policy: 365it [00:00, 511.02it/s][A
run_policy: 417it [00:00, 511.21it/s][A
run_policy: 469it [00:00, 502.79it/s][A
run_policy: 520it [00:01, 498.15it/s][A
run_policy: 570it [00:01, 496.99it/s][A
run_policy: 622it [00:01, 501.90it/s][A
run_policy: 673it [00:01, 502.99it/s][A
run_policy: 725it [00:01, 506.47it/s][A
run_policy: 776it [00:01, 507.41it/s][A
run_policy: 827it [00:01, 507.91it/s][A
run_policy: 879it [00:01, 510.33it/s][A
run_policy: 932it [00:01, 514.53it/s][A
run_policy: 985it [00:01, 517.28it/s][AEpisode 1 	 EpRet 28.090 	 EpCost 109.000 	 EpLen 1000
run_policy: 0it [00:00, ?it/s]run_policy: 1000it [00:02, 457.38it/s]
run_policy: 53it [00:00, 525.38it/s]run_policy: 106it [00:00, 523.78it/s]run_policy: 159it [00:00, 504.27it/s]run_policy: 210it [00:00, 500.22it/s]run_policy: 261it [00:00, 492.62it/s]run_policy: 312it [00:00, 498.22it/s]run_policy: 362it [00:00, 498.09it/s]run_policy: 412it [00:00, 498.47it/s]run_policy: 464it [00:00, 503.51it/s]run_policy: 516it [00:01, 506.80it/s]run_policy: 567it [00:01, 494.47it/s]run_policy: 617it [00:01, 482.73it/s]run_policy: 666it [00:01, 472.05it/s]run_policy: 720it [00:01, 489.26it/s]run_policy: 773it [00:01, 501.11it/s]run_policy: 825it [00:01, 506.64it/s]run_policy: 879it [00:01, 513.94it/s]run_policy: 931it [00:01, 515.42it/s]run_policy: 985it [00:01, 520.28it/s]Episode 2 	 EpRet 30.501 	 EpCost 138.000 	 EpLen 1000

run_policy: 0it [00:00, ?it/s][Arun_policy: 1000it [00:02, 453.44it/s]

run_policy: 51it [00:00, 508.80it/s][A
run_policy: 103it [00:00, 511.34it/s][A
run_policy: 155it [00:00, 513.90it/s][A
run_policy: 208it [00:00, 517.02it/s][A
run_policy: 262it [00:00, 522.00it/s][A
run_policy: 315it [00:00, 523.50it/s][A
run_policy: 368it [00:00, 524.08it/s][A
run_policy: 421it [00:00, 523.82it/s][A
run_policy: 475it [00:00, 526.66it/s][A
run_policy: 528it [00:01, 517.91it/s][A
run_policy: 580it [00:01, 513.93it/s][A
run_policy: 633it [00:01, 517.18it/s][A
run_policy: 686it [00:01, 518.43it/s][A
run_policy: 738it [00:01, 495.95it/s][A
run_policy: 788it [00:01, 486.80it/s][A
run_policy: 837it [00:01, 481.71it/s][A
run_policy: 886it [00:01, 478.91it/s][A
run_policy: 936it [00:01, 483.31it/s][A
run_policy: 985it [00:01, 482.48it/s][AEpisode 3 	 EpRet 34.119 	 EpCost 48.000 	 EpLen 1000
run_policy: 0it [00:00, ?it/s]run_policy: 1000it [00:02, 437.04it/s]
run_policy: 50it [00:00, 496.00it/s]run_policy: 101it [00:00, 499.79it/s]run_policy: 151it [00:00, 490.27it/s]run_policy: 203it [00:00, 500.66it/s]run_policy: 254it [00:00, 500.69it/s]run_policy: 306it [00:00, 505.68it/s]run_policy: 357it [00:00, 503.92it/s]run_policy: 408it [00:00, 502.28it/s]run_policy: 460it [00:00, 505.76it/s]run_policy: 511it [00:01, 502.33it/s]run_policy: 562it [00:01, 503.32it/s]run_policy: 614it [00:01, 507.09it/s]run_policy: 665it [00:01, 503.76it/s]run_policy: 718it [00:01, 509.11it/s]run_policy: 769it [00:01, 504.11it/s]run_policy: 821it [00:01, 508.10it/s]run_policy: 874it [00:01, 512.54it/s]run_policy: 926it [00:01, 514.61it/s]run_policy: 979it [00:01, 517.46it/s]Episode 4 	 EpRet 28.514 	 EpCost 139.000 	 EpLen 1000

run_policy: 0it [00:00, ?it/s][Arun_policy: 1000it [00:02, 438.45it/s]

run_policy: 49it [00:00, 487.78it/s][A
run_policy: 101it [00:00, 503.42it/s][A
run_policy: 153it [00:00, 509.39it/s][A
run_policy: 205it [00:00, 510.04it/s][A
run_policy: 257it [00:00, 510.59it/s][A
run_policy: 309it [00:00, 511.29it/s][A
run_policy: 361it [00:00, 504.87it/s][A
run_policy: 412it [00:00, 505.20it/s][A
run_policy: 464it [00:00, 509.53it/s][A
run_policy: 517it [00:01, 513.19it/s][A
run_policy: 570it [00:01, 517.85it/s][A
run_policy: 624it [00:01, 521.94it/s][A
run_policy: 677it [00:01, 520.19it/s][A
run_policy: 730it [00:01, 521.00it/s][A
run_policy: 783it [00:01, 522.28it/s][A
run_policy: 836it [00:01, 511.08it/s][A
run_policy: 889it [00:01, 516.30it/s][A
run_policy: 942it [00:01, 519.05it/s][A
run_policy: 995it [00:01, 521.17it/s][AEpisode 5 	 EpRet 18.423 	 EpCost 244.000 	 EpLen 1000
run_policy: 0it [00:00, ?it/s]run_policy: 1000it [00:02, 456.53it/s]
run_policy: 51it [00:00, 507.87it/s]run_policy: 103it [00:00, 512.66it/s]run_policy: 155it [00:00, 512.04it/s]run_policy: 207it [00:00, 514.37it/s]run_policy: 260it [00:00, 517.54it/s]run_policy: 313it [00:00, 519.91it/s]run_policy: 366it [00:00, 521.03it/s]run_policy: 419it [00:00, 520.15it/s]run_policy: 472it [00:00, 523.02it/s]run_policy: 525it [00:01, 525.14it/s]run_policy: 578it [00:01, 523.55it/s]run_policy: 631it [00:01, 514.72it/s]run_policy: 684it [00:01, 518.06it/s]run_policy: 736it [00:01, 518.53it/s]run_policy: 789it [00:01, 519.35it/s]run_policy: 841it [00:01, 518.77it/s]run_policy: 894it [00:01, 519.91it/s]run_policy: 946it [00:01, 518.89it/s]run_policy: 998it [00:01, 515.01it/s]Episode 6 	 EpRet 42.991 	 EpCost 67.000 	 EpLen 1000

run_policy: 0it [00:00, ?it/s][Arun_policy: 1000it [00:02, 462.87it/s]

run_policy: 48it [00:00, 474.96it/s][A
run_policy: 97it [00:00, 482.12it/s][A
run_policy: 148it [00:00, 492.30it/s][A
run_policy: 199it [00:00, 497.74it/s][A
run_policy: 250it [00:00, 502.13it/s][A
run_policy: 303it [00:00, 508.75it/s][A
run_policy: 356it [00:00, 513.22it/s][A
run_policy: 408it [00:00, 513.55it/s][A
run_policy: 460it [00:00, 514.90it/s][A
run_policy: 512it [00:01, 514.92it/s][A
run_policy: 564it [00:01, 513.60it/s][A
run_policy: 616it [00:01, 514.53it/s][A
run_policy: 669it [00:01, 516.81it/s][A
run_policy: 722it [00:01, 518.70it/s][A
run_policy: 774it [00:01, 518.03it/s][A
run_policy: 826it [00:01, 513.61it/s][A
run_policy: 878it [00:01, 514.56it/s][A
run_policy: 930it [00:01, 513.37it/s][A
run_policy: 982it [00:01, 514.86it/s][AEpisode 7 	 EpRet 29.145 	 EpCost 92.000 	 EpLen 1000
run_policy: 0it [00:00, ?it/s]run_policy: 1000it [00:02, 437.96it/s]
run_policy: 51it [00:00, 503.14it/s]run_policy: 103it [00:00, 509.48it/s]run_policy: 154it [00:00, 492.09it/s]run_policy: 207it [00:00, 503.33it/s]run_policy: 260it [00:00, 511.61it/s]run_policy: 312it [00:00, 511.49it/s]run_policy: 364it [00:00, 504.06it/s]run_policy: 417it [00:00, 510.82it/s]run_policy: 470it [00:00, 515.17it/s]run_policy: 522it [00:01, 516.06it/s]run_policy: 575it [00:01, 517.39it/s]run_policy: 628it [00:01, 519.01it/s]run_policy: 680it [00:01, 518.85it/s]run_policy: 732it [00:01, 516.28it/s]run_policy: 785it [00:01, 518.23it/s]run_policy: 837it [00:01, 510.90it/s]run_policy: 889it [00:01, 508.81it/s]run_policy: 942it [00:01, 513.39it/s]run_policy: 995it [00:01, 518.11it/s]Episode 8 	 EpRet 32.493 	 EpCost 98.000 	 EpLen 1000

run_policy: 0it [00:00, ?it/s][Arun_policy: 1000it [00:02, 451.92it/s]

run_policy: 53it [00:00, 521.64it/s][A
run_policy: 106it [00:00, 513.11it/s][A
run_policy: 158it [00:00, 510.63it/s][A
run_policy: 211it [00:00, 515.51it/s][A
run_policy: 264it [00:00, 519.54it/s][A
run_policy: 316it [00:00, 512.94it/s][A
run_policy: 369it [00:00, 516.37it/s][A
run_policy: 422it [00:00, 518.46it/s][A
run_policy: 474it [00:00, 518.19it/s][A
run_policy: 526it [00:01, 514.86it/s][A
run_policy: 578it [00:01, 504.94it/s][A
run_policy: 630it [00:01, 508.38it/s][A
run_policy: 682it [00:01, 510.70it/s][A
run_policy: 734it [00:01, 510.94it/s][A
run_policy: 787it [00:01, 514.04it/s][A
run_policy: 839it [00:01, 515.46it/s][A
run_policy: 892it [00:01, 517.77it/s][A
run_policy: 944it [00:01, 516.23it/s][A
run_policy: 996it [00:01, 513.01it/s][AEpisode 9 	 EpRet 24.003 	 EpCost 162.000 	 EpLen 1000
run_policy: 0it [00:00, ?it/s]run_policy: 1000it [00:02, 459.39it/s]
run_policy: 52it [00:00, 510.77it/s]run_policy: 104it [00:00, 509.52it/s]run_policy: 155it [00:00, 509.57it/s]run_policy: 207it [00:00, 512.07it/s]run_policy: 259it [00:00, 513.15it/s]run_policy: 311it [00:00, 512.44it/s]run_policy: 363it [00:00, 512.99it/s]run_policy: 415it [00:00, 515.13it/s]run_policy: 467it [00:00, 516.12it/s]run_policy: 519it [00:01, 516.43it/s]run_policy: 571it [00:01, 517.14it/s]run_policy: 623it [00:01, 505.31it/s]run_policy: 675it [00:01, 508.43it/s]run_policy: 727it [00:01, 510.63it/s]run_policy: 780it [00:01, 513.49it/s]run_policy: 833it [00:01, 516.52it/s]run_policy: 885it [00:01, 507.91it/s]run_policy: 936it [00:01, 507.28it/s]run_policy: 987it [00:01, 505.71it/s]Episode 10 	 EpRet 34.994 	 EpCost 33.000 	 EpLen 1000

run_policy: 0it [00:00, ?it/s][Arun_policy: 1000it [00:02, 456.31it/s]

run_policy: 52it [00:00, 517.71it/s][A
run_policy: 105it [00:00, 520.91it/s][A
run_policy: 158it [00:00, 515.88it/s][A
run_policy: 210it [00:00, 516.41it/s][A
run_policy: 264it [00:00, 521.45it/s][A
run_policy: 317it [00:00, 523.65it/s][A
run_policy: 370it [00:00, 519.96it/s][A
run_policy: 423it [00:00, 509.10it/s][A
run_policy: 475it [00:00, 511.53it/s][A
run_policy: 528it [00:01, 514.61it/s][A
run_policy: 580it [00:01, 511.16it/s][A
run_policy: 633it [00:01, 515.46it/s][A
run_policy: 685it [00:01, 516.81it/s][A
run_policy: 738it [00:01, 519.17it/s][A
run_policy: 790it [00:01, 519.04it/s][A
run_policy: 843it [00:01, 521.07it/s][A
run_policy: 896it [00:01, 515.71it/s][A
run_policy: 948it [00:01, 514.39it/s][AEpisode 11 	 EpRet 27.146 	 EpCost 221.000 	 EpLen 1000
run_policy: 0it [00:00, ?it/s]run_policy: 1000it [00:02, 436.09it/s]
run_policy: 51it [00:00, 507.96it/s]run_policy: 104it [00:00, 519.12it/s]run_policy: 156it [00:00, 518.86it/s]run_policy: 208it [00:00, 518.65it/s]run_policy: 260it [00:00, 517.04it/s]run_policy: 312it [00:00, 515.41it/s]run_policy: 365it [00:00, 517.41it/s]run_policy: 418it [00:00, 519.86it/s]run_policy: 470it [00:00, 516.33it/s]run_policy: 522it [00:01, 515.48it/s]run_policy: 574it [00:01, 514.46it/s]run_policy: 626it [00:01, 513.14it/s]run_policy: 678it [00:01, 513.78it/s]run_policy: 730it [00:01, 515.31it/s]run_policy: 783it [00:01, 517.81it/s]run_policy: 835it [00:01, 506.23it/s]run_policy: 886it [00:01, 506.06it/s]run_policy: 937it [00:01, 506.58it/s]run_policy: 988it [00:01, 502.61it/s]Episode 12 	 EpRet 26.627 	 EpCost 270.000 	 EpLen 1000

run_policy: 0it [00:00, ?it/s][Arun_policy: 1000it [00:02, 457.91it/s]

run_policy: 53it [00:00, 521.75it/s][A
run_policy: 106it [00:00, 482.72it/s][A
run_policy: 155it [00:00, 482.89it/s][A
run_policy: 204it [00:00, 477.99it/s][A
run_policy: 257it [00:00, 494.33it/s][A
run_policy: 309it [00:00, 501.25it/s][A
run_policy: 361it [00:00, 505.72it/s][A
run_policy: 412it [00:00, 506.21it/s][A
run_policy: 463it [00:00, 504.56it/s][A
run_policy: 514it [00:01, 500.70it/s][A
run_policy: 565it [00:01, 437.17it/s][A
run_policy: 611it [00:01, 381.89it/s][A
run_policy: 652it [00:01, 350.10it/s][A
run_policy: 689it [00:01, 346.84it/s][A
run_policy: 725it [00:01, 340.02it/s][A
run_policy: 760it [00:01, 341.63it/s][A
run_policy: 796it [00:01, 341.30it/s][A
run_policy: 832it [00:02, 345.09it/s][A
run_policy: 867it [00:02, 327.19it/s][A
run_policy: 901it [00:02, 324.41it/s][A
run_policy: 937it [00:02, 331.57it/s][A
run_policy: 971it [00:02, 331.98it/s][AEpisode 13 	 EpRet 30.271 	 EpCost 143.000 	 EpLen 1000
run_policy: 0it [00:00, ?it/s]run_policy: 1000it [00:02, 351.89it/s]
run_policy: 37it [00:00, 369.45it/s]run_policy: 75it [00:00, 360.42it/s]run_policy: 113it [00:00, 368.30it/s]run_policy: 151it [00:00, 370.26it/s]run_policy: 199it [00:00, 407.63it/s]run_policy: 251it [00:00, 443.03it/s]run_policy: 303it [00:00, 467.70it/s]run_policy: 356it [00:00, 485.51it/s]run_policy: 408it [00:00, 496.01it/s]run_policy: 461it [00:01, 505.04it/s]run_policy: 514it [00:01, 510.30it/s]run_policy: 566it [00:01, 513.13it/s]run_policy: 618it [00:01, 514.12it/s]run_policy: 670it [00:01, 515.05it/s]run_policy: 723it [00:01, 517.81it/s]run_policy: 776it [00:01, 519.78it/s]run_policy: 828it [00:01, 500.16it/s]run_policy: 881it [00:01, 508.31it/s]run_policy: 934it [00:01, 513.30it/s]run_policy: 987it [00:02, 516.50it/s]Episode 14 	 EpRet 23.785 	 EpCost 49.000 	 EpLen 1000

run_policy: 0it [00:00, ?it/s][Arun_policy: 1000it [00:02, 419.47it/s]

run_policy: 43it [00:00, 409.71it/s][A
run_policy: 95it [00:00, 471.53it/s][A
run_policy: 145it [00:00, 481.65it/s][A
run_policy: 194it [00:00, 484.61it/s][A
run_policy: 247it [00:00, 500.03it/s][A
run_policy: 298it [00:00, 494.75it/s][A
run_policy: 351it [00:00, 505.70it/s][A
run_policy: 404it [00:00, 513.13it/s][ATraceback (most recent call last):
  File "generate_dataset.py", line 74, in <module>
    generate_dataset(env, get_action, args.max_ep_len, args.num_episodes)
  File "generate_dataset.py", line 30, in generate_dataset
    next_obs, reward, done, info = env.step(action)
  File "/home/ed21b059/ddp/3rdparty/safety-gym/safety_gym/envs/engine.py", line 1304, in step
    return self.obs(), reward, self.done, info
  File "/home/ed21b059/ddp/3rdparty/safety-gym/safety_gym/envs/engine.py", line 1097, in obs
    obs['gremlins_lidar'] = self.obs_lidar(self.gremlins_obj_pos, GROUP_GREMLIN)
  File "/home/ed21b059/ddp/3rdparty/safety-gym/safety_gym/envs/engine.py", line 967, in obs_lidar
    return self.obs_lidar_pseudo(positions)
  File "/home/ed21b059/ddp/3rdparty/safety-gym/safety_gym/envs/engine.py", line 1021, in obs_lidar_pseudo
    angle = np.angle(z) % (np.pi * 2)
  File "<__array_function__ internals>", line 6, in angle
KeyboardInterrupt
run_policy: 437it [00:00, 454.63it/s]